==== run_half.sh boot 2026-08-30T16:02:52Z ====
seq=CLPD-118575-2nd offset=1
wrote Labels-GameState.json: 73425 images, 1680220 annotations, 1516 MB
extracting 73425 frames -> /home/atom/SoccerNetGS/test/CLPD-118575-2nd/img1 ...
extracted 73425 JPEGs, 130.9 GB  (1.78 MB/frame)
grep: (standard input): binary file matches
grep: (standard input): binary file matches
grep: (standard input): binary file matches
grep: (standard input): binary file matches
grep: (standard input): binary file matches
grep: (standard input): binary file matches
grep: (standard input): binary file matches
grep: (standard input): binary file matches
grep: (standard input): binary file matches
grep: (standard input): binary file matches
grep: (standard input): binary file matches
grep: (standard input): binary file matches
grep: (standard input): binary file matches
grep: (standard input): binary file matches
grep: (standard input): binary file matches
grep: (standard input): binary file matches
grep: (standard input): binary file matches
grep: (standard input): binary file matches
grep: (standard input): binary file matches
grep: (standard input): binary file matches
grep: (standard input): binary file matches
grep: (standard input): binary file matches
grep: (standard input): binary file matches
grep: (standard input): binary file matches
grep: (standard input): binary file matches
grep: (standard input): binary file matches
grep: (standard input): binary file matches
grep: (standard input): binary file matches
grep: (standard input): binary file matches
grep: (standard input): binary file matches
grep: (standard input): binary file matches
grep: (standard input): binary file matches
grep: (standard input): binary file matches
grep: (standard input): binary file matches
grep: (standard input): binary file matches
grep: (standard input): binary file matches
grep: (standard input): binary file matches
grep: (standard input): binary file matches
grep: (standard input): binary file matches
grep: (standard input): binary file matches
grep: (standard input): binary file matches
grep: (standard input): binary file matches
grep: (standard input): binary file matches
grep: (standard input): binary file matches
grep: (standard input): binary file matches
grep: (standard input): binary file matches
grep: (standard input): binary file matches
grep: (standard input): binary file matches
grep: (standard input): binary file matches
grep: (standard input): binary file matches
grep: (standard input): binary file matches
grep: (standard input): binary file matches
grep: (standard input): binary file matches
grep: (standard input): binary file matches
grep: (standard input): binary file matches
grep: (standard input): binary file matches
grep: (standard input): binary file matches
grep: (standard input): binary file matches
grep: (standard input): binary file matches
grep: (standard input): binary file matches
PIPELINE_EXIT=1 WALL_SECONDS=281647
CLPD-118575-2nd: 1,541,645 object predictions, dropped 225 (0.01%) with non-finite pitch coordinates
Initializing the dataset class for the SoccerNet Game State Reconstruction task.
IMPORTANT: The official evaluation metric for the task, i.e. the 'GS-HOTA' will appear under the 'HOTA' name in the evaluation script output.
This happen because GS-HOTA mainly uses the same logic as the HOTA metric, the HOTA evaluation class is therefore not forked but re-used.
The key practical difference between the GS-HOTA and the HOTA is actually the similarity metric used to match predictions with ground truth.Since this similarity score is computed outside the HOTA class (i.e. inside the SoccerNetGS dataset class), there was no need to fork it into a GS-HOTA class.
Please refer to the official paper for more information.
Using a sigma of 2.042694913268175 for the gaussian similarity metric, based on a distance tolerance of 5 meters.

Evaluating 1 tracker(s) on 1 sequence(s) for 1 class(es) on SoccerNetGS dataset using the following metrics: HOTA, Count


Evaluating t

Initializing the dataset class for the SoccerNet Game State Reconstruction task.
IMPORTANT: The official evaluation metric for the task, i.e. the 'GS-HOTA' will appear under the 'HOTA' name in the evaluation script output.
This happen because GS-HOTA mainly uses the same logic as the HOTA metric, the HOTA evaluation class is therefore not forked but re-used.
The key practical difference between the GS-HOTA and the HOTA is actually the similarity metric used to match predictions with ground truth.Since this similarity score is computed outside the HOTA class (i.e. inside the SoccerNetGS dataset class), there was no need to fork it into a GS-HOTA class.
Please refer to the official paper for more information.
Using a sigma of 2.042694913268175 for the gaussian similarity metric, based on a distance tolerance of 5 meters.

Evaluating 1 tracker(s) on 1 sequence(s) for 1 class(es) on SoccerNetGS dataset using the following metrics: HOTA, Count


Evaluating t


  attributes ON (official GS-HOTA)
      GS-HOTA 12.209   DetA  6.830   AssA 21.835   LocA 85.708
  attributes OFF (geometry + association)
      GS-HOTA 23.711   DetA 46.015   AssA 12.399   LocA 83.202

  422 predicted tracklets vs 29 real players
FINAL STATUS: DONE_PASS_12.209
