==== run_half.sh boot 2026-08-30T16:06:08Z ====
seq=CLPD-128058-1st offset=26
wrote Labels-GameState.json: 68975 images, 1586425 annotations, 1433 MB
extracting 68975 frames -> /home/atom/SoccerNetGS/test/CLPD-128058-1st/img1 ...
extracted 68975 JPEGs, 105.1 GB  (1.52 MB/frame)
grep: (standard input): binary file matches
grep: (standard input): binary file matches
grep: (standard input): binary file matches
grep: (standard input): binary file matches
grep: (standard input): binary file matches
grep: (standard input): binary file matches
grep: (standard input): binary file matches
grep: (standard input): binary file matches
grep: (standard input): binary file matches
grep: (standard input): binary file matches
grep: (standard input): binary file matches
grep: (standard input): binary file matches
grep: (standard input): binary file matches
grep: (standard input): binary file matches
grep: (standard input): binary file matches
grep: (standard input): binary file matches
grep: (standard input): binary file matches
grep: (standard input): binary file matches
grep: (standard input): binary file matches
grep: (standard input): binary file matches
grep: (standard input): binary file matches
grep: (standard input): binary file matches
grep: (standard input): binary file matches
grep: (standard input): binary file matches
grep: (standard input): binary file matches
grep: (standard input): binary file matches
grep: (standard input): binary file matches
grep: (standard input): binary file matches
grep: (standard input): binary file matches
grep: (standard input): binary file matches
grep: (standard input): binary file matches
grep: (standard input): binary file matches
grep: (standard input): binary file matches
grep: (standard input): binary file matches
grep: (standard input): binary file matches
grep: (standard input): binary file matches
grep: (standard input): binary file matches
grep: (standard input): binary file matches
grep: (standard input): binary file matches
grep: (standard input): binary file matches
grep: (standard input): binary file matches
grep: (standard input): binary file matches
grep: (standard input): binary file matches
grep: (standard input): binary file matches
grep: (standard input): binary file matches
grep: (standard input): binary file matches
grep: (standard input): binary file matches
grep: (standard input): binary file matches
grep: (standard input): binary file matches
grep: (standard input): binary file matches
grep: (standard input): binary file matches
grep: (standard input): binary file matches
grep: (standard input): binary file matches
grep: (standard input): binary file matches
grep: (standard input): binary file matches
grep: (standard input): binary file matches
grep: (standard input): binary file matches
grep: (standard input): binary file matches
grep: (standard input): binary file matches
PIPELINE_EXIT=1 WALL_SECONDS=232355
CLPD-128058-1st: 1,460,405 object predictions, dropped 988 (0.07%) with non-finite pitch coordinates
Initializing the dataset class for the SoccerNet Game State Reconstruction task.
IMPORTANT: The official evaluation metric for the task, i.e. the 'GS-HOTA' will appear under the 'HOTA' name in the evaluation script output.
This happen because GS-HOTA mainly uses the same logic as the HOTA metric, the HOTA evaluation class is therefore not forked but re-used.
The key practical difference between the GS-HOTA and the HOTA is actually the similarity metric used to match predictions with ground truth.Since this similarity score is computed outside the HOTA class (i.e. inside the SoccerNetGS dataset class), there was no need to fork it into a GS-HOTA class.
Please refer to the official paper for more information.
Using a sigma of 2.042694913268175 for the gaussian similarity metric, based on a distance tolerance of 5 meters.

Evaluating 1 tracker(s) on 1 sequence(s) for 1 class(es) on SoccerNetGS dataset using the following metrics: HOTA, Count


Evaluating t

Initializing the dataset class for the SoccerNet Game State Reconstruction task.
IMPORTANT: The official evaluation metric for the task, i.e. the 'GS-HOTA' will appear under the 'HOTA' name in the evaluation script output.
This happen because GS-HOTA mainly uses the same logic as the HOTA metric, the HOTA evaluation class is therefore not forked but re-used.
The key practical difference between the GS-HOTA and the HOTA is actually the similarity metric used to match predictions with ground truth.Since this similarity score is computed outside the HOTA class (i.e. inside the SoccerNetGS dataset class), there was no need to fork it into a GS-HOTA class.
Please refer to the official paper for more information.
Using a sigma of 2.042694913268175 for the gaussian similarity metric, based on a distance tolerance of 5 meters.

Evaluating 1 tracker(s) on 1 sequence(s) for 1 class(es) on SoccerNetGS dataset using the following metrics: HOTA, Count


Evaluating t


  attributes ON (official GS-HOTA)
      GS-HOTA 12.730   DetA  9.597   AssA 16.908   LocA 85.737
  attributes OFF (geometry + association)
      GS-HOTA 25.887   DetA 49.146   AssA 13.759   LocA 84.297

  133 predicted tracklets vs 23 real players
FINAL STATUS: DONE_PASS_12.730
